<html>
<body>
<pre>
<h1>µVision Build Log</h1>
<h2>Project:</h2>
C:\Users\zhumj1991\Desktop\sw-zhenwuliaole\project\arch\st\stm32f4xx\project.uvproj
Project File Date:  11/20/2015

<h2>Output:</h2>
Build target 'Demo'
compiling stm32f4xx_it.c...
compiling system_stm32f4xx.c...
compiling ucos-st.c...
compiling misc.c...
compiling stm32f4xx_adc.c...
compiling stm32f4xx_can.c...
compiling stm32f4xx_dbgmcu.c...
compiling stm32f4xx_dma.c...
compiling stm32f4xx_exti.c...
compiling stm32f4xx_fsmc.c...
compiling stm32f4xx_gpio.c...
compiling stm32f4xx_i2c.c...
compiling stm32f4xx_rcc.c...
compiling stm32f4xx_rng.c...
compiling stm32f4xx_rtc.c...
compiling stm32f4xx_spi.c...
compiling stm32f4xx_tim.c...
compiling stm32f4xx_usart.c...
linking...
Program Size: Code=32306 RO-data=1358 RW-data=184 ZI-data=34192  
"..\..\..\..\output\obj\project.axf" - 0 Error(s), 0 Warning(s).
mpiling os_cfg_app.c...
compiling os_core.c...
compiling os_dbg.c...
compiling os_flag.c...
compiling os_int.c...
compiling os_mem.c...
compiling os_msg.c...
compiling os_mutex.c...
compiling os_pend_multi.c...
compiling os_prio.c...
compiling os_q.c...
compiling os_sem.c...
compiling os_stat.c...
compiling os_task.c...
compiling os_tick.c...
compiling os_time.c...
compiling os_tmr.c...
compiling os_var.c...
compiling os_cpu_c.c...
linking...
..\..\..\..\output\obj\project.axf: Error: L6218E: Undefined symbol CPU_TS_TmrInit (referred from cpu_core.o).
..\..\..\..\output\obj\project.axf: Error: L6218E: Undefined symbol CPU_TS_TmrRd (referred from cpu_core.o).
..\..\..\..\output\obj\project.axf: Error: L6218E: Undefined symbol Mem_Copy (referred from lib_mem.o).
Not enough information to list image symbols.
Finished: 1 information, 0 warning and 3 error messages.
"..\..\..\..\output\obj\project.axf" - 3 Error(s), 0 Warning(s).
Target not created

..\..\..\..\system\src\uCOS-III\uCOS-III\Source\os_flag.c: 0 warnings, 1 error
compiling os_int.c...
..\..\..\..\system\src\uCOS-III\uCOS-III\Source\os.h(64): error:  #5: cannot open source input file "os_cpu.h": No such file or directory
  #include <os_cpu.h>
..\..\..\..\system\src\uCOS-III\uCOS-III\Source\os_int.c: 0 warnings, 1 error
compiling os_mem.c...
..\..\..\..\system\src\uCOS-III\uCOS-III\Source\os.h(64): error:  #5: cannot open source input file "os_cpu.h": No such file or directory
  #include <os_cpu.h>
..\..\..\..\system\src\uCOS-III\uCOS-III\Source\os_mem.c: 0 warnings, 1 error
compiling os_msg.c...
..\..\..\..\system\src\uCOS-III\uCOS-III\Source\os.h(64): error:  #5: cannot open source input file "os_cpu.h": No such file or directory
  #include <os_cpu.h>
..\..\..\..\system\src\uCOS-III\uCOS-III\Source\os_msg.c: 0 warnings, 1 error
compiling os_mutex.c...
..\..\..\..\system\src\uCOS-III\uCOS-III\Source\os.h(64): error:  #5: cannot open source input file "os_cpu.h": No such file or directory
  #include <os_cpu.h>
..\..\..\..\system\src\uCOS-III\uCOS-III\Source\os_mutex.c: 0 warnings, 1 error
compiling os_pend_multi.c...
..\..\..\..\system\src\uCOS-III\uCOS-III\Source\os.h(64): error:  #5: cannot open source input file "os_cpu.h": No such file or directory
  #include <os_cpu.h>
..\..\..\..\system\src\uCOS-III\uCOS-III\Source\os_pend_multi.c: 0 warnings, 1 error
compiling os_prio.c...
..\..\..\..\system\src\uCOS-III\uCOS-III\Source\os.h(64): error:  #5: cannot open source input file "os_cpu.h": No such file or directory
  #include <os_cpu.h>
..\..\..\..\system\src\uCOS-III\uCOS-III\Source\os_prio.c: 0 warnings, 1 error
compiling os_q.c...
..\..\..\..\system\src\uCOS-III\uCOS-III\Source\os.h(64): error:  #5: cannot open source input file "os_cpu.h": No such file or directory
  #include <os_cpu.h>
..\..\..\..\system\src\uCOS-III\uCOS-III\Source\os_q.c: 0 warnings, 1 error
compiling os_sem.c...
..\..\..\..\system\src\uCOS-III\uCOS-III\Source\os.h(64): error:  #5: cannot open source input file "os_cpu.h": No such file or directory
  #include <os_cpu.h>
..\..\..\..\system\src\uCOS-III\uCOS-III\Source\os_sem.c: 0 warnings, 1 error
compiling os_stat.c...
..\..\..\..\system\src\uCOS-III\uCOS-III\Source\os.h(64): error:  #5: cannot open source input file "os_cpu.h": No such file or directory
  #include <os_cpu.h>
..\..\..\..\system\src\uCOS-III\uCOS-III\Source\os_stat.c: 0 warnings, 1 error
compiling os_task.c...
..\..\..\..\system\src\uCOS-III\uCOS-III\Source\os.h(64): error:  #5: cannot open source input file "os_cpu.h": No such file or directory
  #include <os_cpu.h>
..\..\..\..\system\src\uCOS-III\uCOS-III\Source\os_task.c: 0 warnings, 1 error
compiling os_tick.c...
..\..\..\..\system\src\uCOS-III\uCOS-III\Source\os.h(64): error:  #5: cannot open source input file "os_cpu.h": No such file or directory
  #include <os_cpu.h>
..\..\..\..\system\src\uCOS-III\uCOS-III\Source\os_tick.c: 0 warnings, 1 error
compiling os_time.c...
..\..\..\..\system\src\uCOS-III\uCOS-III\Source\os.h(64): error:  #5: cannot open source input file "os_cpu.h": No such file or directory
  #include <os_cpu.h>
..\..\..\..\system\src\uCOS-III\uCOS-III\Source\os_time.c: 0 warnings, 1 error
compiling os_tmr.c...
..\..\..\..\system\src\uCOS-III\uCOS-III\Source\os.h(64): error:  #5: cannot open source input file "os_cpu.h": No such file or directory
  #include <os_cpu.h>
..\..\..\..\system\src\uCOS-III\uCOS-III\Source\os_tmr.c: 0 warnings, 1 error
compiling os_var.c...
..\..\..\..\system\src\uCOS-III\uCOS-III\Source\os.h(64): error:  #5: cannot open source input file "os_cpu.h": No such file or directory
  #include <os_cpu.h>
..\..\..\..\system\src\uCOS-III\uCOS-III\Source\os_var.c: 0 warnings, 1 error
compiling os_cpu_c.c...
..\..\..\..\system\src\uCOS-III\uCOS-III\Source\os.h(64): error:  #5: cannot open source input file "os_cpu.h": No such file or directory
  #include <os_cpu.h>
..\..\..\..\system\src\uCOS-III\uCOS-III\Ports\ARM-Cortex-M4\Generic\RealView\os_cpu_c.c: 0 warnings, 1 error
"..\..\..\..\output\obj\project.axf" - 19 Error(s), 0 Warning(s).
Target not created

..\..\..\..\system\src\uCOS-III\uCOS-III\Source\os_q.c: 0 warnings, 1 error
compiling os_sem.c...
..\..\..\..\system\src\uCOS-III\uCOS-III\Source\os.h(59): error:  #5: cannot open source input file "os_cfg.h": No such file or directory
  #include <os_cfg.h>
..\..\..\..\system\src\uCOS-III\uCOS-III\Source\os_sem.c: 0 warnings, 1 error
compiling os_stat.c...
..\..\..\..\system\src\uCOS-III\uCOS-III\Source\os.h(59): error:  #5: cannot open source input file "os_cfg.h": No such file or directory
  #include <os_cfg.h>
..\..\..\..\system\src\uCOS-III\uCOS-III\Source\os_stat.c: 0 warnings, 1 error
compiling os_task.c...
..\..\..\..\system\src\uCOS-III\uCOS-III\Source\os.h(59): error:  #5: cannot open source input file "os_cfg.h": No such file or directory
  #include <os_cfg.h>
..\..\..\..\system\src\uCOS-III\uCOS-III\Source\os_task.c: 0 warnings, 1 error
compiling os_tick.c...
..\..\..\..\system\src\uCOS-III\uCOS-III\Source\os.h(59): error:  #5: cannot open source input file "os_cfg.h": No such file or directory
  #include <os_cfg.h>
..\..\..\..\system\src\uCOS-III\uCOS-III\Source\os_tick.c: 0 warnings, 1 error
compiling os_time.c...
..\..\..\..\system\src\uCOS-III\uCOS-III\Source\os.h(59): error:  #5: cannot open source input file "os_cfg.h": No such file or directory
  #include <os_cfg.h>
..\..\..\..\system\src\uCOS-III\uCOS-III\Source\os_time.c: 0 warnings, 1 error
compiling os_tmr.c...
..\..\..\..\system\src\uCOS-III\uCOS-III\Source\os.h(59): error:  #5: cannot open source input file "os_cfg.h": No such file or directory
  #include <os_cfg.h>
..\..\..\..\system\src\uCOS-III\uCOS-III\Source\os_tmr.c: 0 warnings, 1 error
compiling os_var.c...
..\..\..\..\system\src\uCOS-III\uCOS-III\Source\os.h(59): error:  #5: cannot open source input file "os_cfg.h": No such file or directory
  #include <os_cfg.h>
..\..\..\..\system\src\uCOS-III\uCOS-III\Source\os_var.c: 0 warnings, 1 error
compiling os_cpu_c.c...
..\..\..\..\system\src\uCOS-III\uCOS-III\Source\os.h(59): error:  #5: cannot open source input file "os_cfg.h": No such file or directory
  #include <os_cfg.h>
..\..\..\..\system\src\uCOS-III\uCOS-III\Ports\ARM-Cortex-M4\Generic\RealView\os_cpu_c.c: 0 warnings, 1 error
assembling os_cpu_a.asm...
"..\..\..\..\output\obj\project.axf" - 26 Error(s), 0 Warning(s).
Target not created
